[2026-04-06 17:01:38] [INFO] Logger initialized
[2026-04-06 17:01:38] [INFO] Application starting...
[2026-04-06 17:01:38] [INFO] Database opened: data/finance.db
[2026-04-06 17:01:43] [INFO] Database closed
[2026-04-06 17:02:00] [INFO] Logger initialized
[2026-04-06 17:02:00] [INFO] Application starting...
[2026-04-06 17:02:00] [INFO] Database opened: data/finance.db
[2026-04-06 17:41:36] [INFO] Database closed
[2026-04-06 17:41:38] [INFO] Logger initialized
[2026-04-06 17:41:38] [INFO] Application starting...
[2026-04-06 17:41:38] [INFO] Database opened: data/finance.db
[2026-04-06 17:46:16] [INFO] Database closed
[2026-04-06 17:46:28] [INFO] Logger initialized
[2026-04-06 17:46:28] [INFO] Application starting...
[2026-04-06 17:46:28] [INFO] Database opened: data/finance.db
[2026-04-06 17:46:40] [INFO] Theme changed to: 0
[2026-04-06 17:46:41] [INFO] Theme changed to: 1
[2026-04-06 17:47:07] [INFO] Database closed
[2026-04-06 17:53:11] [INFO] Logger initialized
[2026-04-06 17:53:11] [INFO] Application starting...
[2026-04-06 17:53:11] [INFO] Database opened: data/finance.db
[2026-04-06 17:53:57] [INFO] Database closed
[2026-04-08 13:16:28] [INFO] Logger initialized
[2026-04-08 13:16:28] [INFO] Application starting...
[2026-04-08 13:16:28] [INFO] Database opened: data/finance.db
[2026-04-08 13:16:48] [INFO] Theme changed to: 0
[2026-04-08 13:17:01] [INFO] Theme changed to: 1
[2026-04-08 13:24:22] [INFO] Theme changed to: 0
[2026-04-08 13:24:36] [INFO] Theme changed to: 1
[2026-04-08 14:14:38] [INFO] Logger initialized
[2026-04-08 14:14:38] [INFO] Application starting...
[2026-04-08 14:14:38] [INFO] Database opened: data/finance.db
[2026-04-08 15:39:32] [INFO] Logger initialized
[2026-04-08 15:39:32] [INFO] Application starting...
[2026-04-08 15:39:32] [INFO] Database opened: data/finance.db
[2026-04-08 17:39:27] [INFO] Logger initialized
[2026-04-08 17:39:27] [INFO] Application starting...
[2026-04-08 17:39:27] [INFO] Database opened: data/finance.db
[2026-04-09 12:53:59] [INFO] Theme changed to: 0
[2026-04-09 12:54:11] [INFO] Theme changed to: 1
[2026-04-09 12:54:24] [INFO] Theme changed to: 1
[2026-04-09 13:50:38] [INFO] Logger initialized
[2026-04-09 13:50:38] [INFO] Application starting...
[2026-04-09 13:50:38] [INFO] Database opened: data/finance.db
[2026-04-09 15:42:58] [INFO] Logger initialized
[2026-04-09 15:42:58] [INFO] Application starting...
[2026-04-09 15:42:58] [INFO] Database opened: data/finance.db
[2026-04-09 15:50:17] [INFO] Logger initialized
[2026-04-09 15:50:17] [INFO] Application starting...
[2026-04-09 15:50:17] [INFO] Database opened: data/finance.db
[2026-04-09 15:54:34] [INFO] Logger initialized
[2026-04-09 15:54:34] [INFO] Application starting...
[2026-04-09 15:54:34] [INFO] Database opened: data/finance.db
[2026-04-09 15:57:58] [INFO] Logger initialized
[2026-04-09 15:57:58] [INFO] Application starting...
[2026-04-09 15:57:58] [INFO] Database opened: data/finance.db
[2026-04-09 16:02:38] [INFO] Database closed
[2026-04-09 16:21:14] [INFO] Logger initialized
[2026-04-09 16:21:14] [INFO] Application starting...
[2026-04-09 16:21:14] [INFO] Database opened: data/finance.db
[2026-04-09 16:30:42] [INFO] Logger initialized
[2026-04-09 16:30:42] [INFO] Application starting...
[2026-04-09 16:30:42] [INFO] Database opened: data/finance.db
[2026-04-09 16:33:13] [INFO] Database closed
[2026-04-09 16:36:02] [INFO] Logger initialized
[2026-04-09 16:36:02] [INFO] Application starting...
[2026-04-09 16:36:02] [INFO] Database opened: data/finance.db
[2026-04-09 18:26:27] [INFO] Logger initialized
[2026-04-09 18:26:27] [INFO] Application starting...
[2026-04-09 18:26:27] [INFO] Database opened: data/finance.db
[2026-04-09 20:05:40] [INFO] Database closed
[2026-04-09 20:08:07] [INFO] Logger initialized
[2026-04-09 20:08:07] [INFO] Application starting...
[2026-04-09 20:08:07] [INFO] Database opened: data/finance.db
[2026-04-09 20:08:13] [INFO] Theme changed to: 0
[2026-04-09 20:10:58] [INFO] Theme changed to: 1
[2026-04-09 20:11:35] [INFO] Database closed
[2026-04-09 21:04:31] [INFO] Logger initialized
[2026-04-09 21:04:31] [INFO] Application starting...
[2026-04-09 21:04:31] [INFO] Database opened: data/finance.db
[2026-04-09 21:05:12] [INFO] Database closed
[2026-04-09 21:05:35] [INFO] Logger initialized
[2026-04-09 21:05:35] [INFO] Application starting...
[2026-04-09 21:05:35] [INFO] Database opened: data/finance.db
[2026-04-09 21:07:00] [INFO] Database closed
[2026-04-09 21:07:30] [INFO] Logger initialized
[2026-04-09 21:07:30] [INFO] Application starting...
[2026-04-09 21:07:30] [INFO] Database opened: data/finance.db
[2026-04-09 21:08:21] [INFO] Logger initialized
[2026-04-09 21:08:21] [INFO] Application starting...
[2026-04-09 21:08:21] [INFO] Database opened: data/finance.db
[2026-04-09 21:08:38] [INFO] Theme changed to: 0
[2026-04-09 21:08:49] [INFO] Database closed
[2026-04-09 21:10:06] [INFO] Logger initialized
[2026-04-09 21:10:06] [INFO] Application starting...
[2026-04-09 21:10:06] [INFO] Database opened: data/finance.db
[2026-04-09 21:10:16] [INFO] Database closed
[2026-04-09 21:13:40] [INFO] Logger initialized
[2026-04-09 21:13:40] [INFO] Application starting...
[2026-04-09 21:13:40] [INFO] Database opened: data/finance.db
[2026-04-09 21:14:03] [INFO] Database closed
[2026-04-09 21:15:07] [INFO] Logger initialized
[2026-04-09 21:15:07] [INFO] Application starting...
[2026-04-09 21:15:07] [INFO] Database opened: data/finance.db
[2026-04-10 18:39:44] [INFO] Logger initialized
[2026-04-10 18:39:44] [INFO] Application starting...
[2026-04-10 18:39:44] [INFO] Database opened: data/finance.db
[2026-04-10 18:46:56] [INFO] Logger initialized
[2026-04-10 18:46:56] [INFO] Application starting...
[2026-04-10 18:46:56] [INFO] Database opened: data/finance.db
[2026-04-10 18:47:45] [INFO] Logger initialized
[2026-04-10 18:47:45] [INFO] Application starting...
[2026-04-10 18:47:45] [INFO] Database opened: data/finance.db
[2026-04-10 18:48:27] [INFO] Logger initialized
[2026-04-10 18:48:27] [INFO] Application starting...
[2026-04-10 18:48:27] [INFO] Database opened: data/finance.db
[2026-04-10 18:51:36] [INFO] Logger initialized
[2026-04-10 18:51:36] [INFO] Application starting...
[2026-04-10 18:51:36] [INFO] Database opened: data/finance.db
